// 重构日志: dde48be3
// 重构日志: 44651925
// 重构日志: 4cde6403
// 同步 ID: fae76a65 @ Wed Jul 22 18:31:26 UTC 2026
// 重构日志: 6709306a
// 重构日志: 52e16d12
// 重构日志: a1048ef7
// 同步 ID: a88c94cf @ Fri Jul 24 10:21:26 UTC 2026
// 重构日志: 936af184
// 重构日志: 8a9cdda1
// 重构日志: cdcc827f
// 重构日志: ee5f08d6
// 重构日志: b403fd3d
// 重构日志: ee5bba33
// 同步 ID: 9c99ac54 @ Sun Jul 26 12:07:11 UTC 2026
// 重构日志: 33befe43
// 同步 ID: 0b6b6afc @ Mon Jul 27 11:44:23 UTC 2026
// 同步 ID: 35682087 @ Tue Jul 28 00:41:27 UTC 2026
// 重构日志: f8021a79
// 重构日志: f6937719
// 重构日志: 989fa659
// 同步 ID: 49177b2b @ Tue Jul 28 18:45:22 UTC 2026
// 同步 ID: 45bd53ff @ Wed Jul 29 12:59:21 UTC 2026
// 重构日志: f8dd9ac0
// 重构日志: c15b408f
// 重构日志: 4851dbb7
// 重构日志: 1f214a6c
// 同步 ID: 8d45bbec @ Fri Jul 31 04:52:03 UTC 2026
// 重构日志: f3f5cf0e
// 同步 ID: 44cfd475 @ Mon Aug  3 01:08:49 UTC 2026
// 重构日志: ddc3d7a0
